2026-06-16 15:21:29.759 [restartedMain] INFO  com.project.travel.TravelApplication - Starting TravelApplication using Java 1.8.0_202 on dilireba with PID 25952 (C:\maven\travel_system\travel\travel\travel-server\target\classes started by solitude in C:\maven\travel_system\travel\travel\travel-server)
2026-06-16 15:21:29.766 [restartedMain] INFO  com.project.travel.TravelApplication - The following 1 profile is active: "dev"
2026-06-16 15:21:29.863 [restartedMain] INFO  o.s.b.d.env.DevToolsPropertyDefaultsPostProcessor - Devtools property defaults active! Set 'spring.devtools.add-properties' to 'false' to disable
2026-06-16 15:21:29.863 [restartedMain] INFO  o.s.b.d.env.DevToolsPropertyDefaultsPostProcessor - For additional web related logging consider setting the 'logging.level.web' property to 'DEBUG'
2026-06-16 15:21:30.601 [restartedMain] INFO  o.s.d.r.config.RepositoryConfigurationDelegate - Multiple Spring Data modules found, entering strict repository configuration mode
2026-06-16 15:21:30.604 [restartedMain] INFO  o.s.d.r.config.RepositoryConfigurationDelegate - Bootstrapping Spring Data Redis repositories in DEFAULT mode.
2026-06-16 15:21:30.631 [restartedMain] INFO  o.s.d.r.config.RepositoryConfigurationDelegate - Finished Spring Data repository scanning in 15 ms. Found 0 Redis repository interfaces.
2026-06-16 15:21:31.807 [restartedMain] INFO  o.s.boot.web.embedded.tomcat.TomcatWebServer - Tomcat initialized with port(s): 8080 (http)
2026-06-16 15:21:31.824 [restartedMain] INFO  org.apache.coyote.http11.Http11NioProtocol - Initializing ProtocolHandler ["http-nio-8080"]
2026-06-16 15:21:31.828 [restartedMain] INFO  org.apache.catalina.core.StandardService - Starting service [Tomcat]
2026-06-16 15:21:31.828 [restartedMain] INFO  org.apache.catalina.core.StandardEngine - Starting Servlet engine: [Apache Tomcat/9.0.83]
2026-06-16 15:21:32.042 [restartedMain] INFO  o.a.c.core.ContainerBase.[Tomcat].[localhost].[/] - Initializing Spring embedded WebApplicationContext
2026-06-16 15:21:32.043 [restartedMain] INFO  o.s.b.w.s.c.ServletWebServerApplicationContext - Root WebApplicationContext: initialization completed in 2179 ms
2026-06-16 15:21:33.326 [restartedMain] INFO  c.a.d.s.b.a.DruidDataSourceAutoConfigure - Init DruidDataSource
2026-06-16 15:21:39.364 [restartedMain] INFO  com.alibaba.druid.pool.DruidDataSource - {dataSource-1} inited
2026-06-16 15:21:51.464 [restartedMain] INFO  o.s.b.d.autoconfigure.OptionalLiveReloadServer - LiveReload server is running on port 35729
2026-06-16 15:21:51.597 [restartedMain] INFO  org.apache.coyote.http11.Http11NioProtocol - Starting ProtocolHandler ["http-nio-8080"]
2026-06-16 15:21:51.676 [restartedMain] INFO  o.s.boot.web.embedded.tomcat.TomcatWebServer - Tomcat started on port(s): 8080 (http) with context path ''
2026-06-16 15:21:51.709 [restartedMain] INFO  com.project.travel.TravelApplication - Started TravelApplication in 22.521 seconds (JVM running for 22.985)
2026-06-16 15:23:03.673 [http-nio-8080-exec-1] INFO  o.a.c.core.ContainerBase.[Tomcat].[localhost].[/] - Initializing Spring DispatcherServlet 'dispatcherServlet'
2026-06-16 15:23:03.674 [http-nio-8080-exec-1] INFO  org.springframework.web.servlet.DispatcherServlet - Initializing Servlet 'dispatcherServlet'
2026-06-16 15:23:03.678 [http-nio-8080-exec-1] INFO  org.springframework.web.servlet.DispatcherServlet - Completed initialization in 3 ms
2026-06-16 15:24:03.796 [http-nio-8080-exec-50] INFO  com.project.travel.handle.MyMetaObjectHandler - 公共字段自动填充[insert]...
2026-06-16 15:25:31.568 [http-nio-8080-exec-77] INFO  com.project.travel.handle.MyMetaObjectHandler - 公共字段自动填充[update]...
2026-06-16 15:25:52.035 [http-nio-8080-exec-92] INFO  com.project.travel.handle.MyMetaObjectHandler - 公共字段自动填充[update]...
2026-06-16 15:26:00.241 [http-nio-8080-exec-96] INFO  com.project.travel.handle.MyMetaObjectHandler - 公共字段自动填充[update]...
2026-06-16 15:27:38.552 [http-nio-8080-exec-40] INFO  com.project.travel.handle.MyMetaObjectHandler - 公共字段自动填充[update]...
2026-06-16 15:27:44.554 [http-nio-8080-exec-41] INFO  com.project.travel.handle.MyMetaObjectHandler - 公共字段自动填充[update]...
2026-06-16 15:27:44.565 [http-nio-8080-exec-41] INFO  com.project.travel.handle.MyMetaObjectHandler - 公共字段自动填充[insert]...
2026-06-16 15:34:56.532 [http-nio-8080-exec-88] INFO  com.project.travel.handle.MyMetaObjectHandler - 公共字段自动填充[insert]...
2026-06-16 15:35:33.241 [http-nio-8080-exec-98] INFO  com.project.travel.handle.MyMetaObjectHandler - 公共字段自动填充[update]...
2026-06-16 15:35:34.730 [http-nio-8080-exec-100] INFO  com.project.travel.handle.MyMetaObjectHandler - 公共字段自动填充[update]...
2026-06-16 15:36:13.125 [http-nio-8080-exec-7] INFO  com.project.travel.handle.MyMetaObjectHandler - 公共字段自动填充[update]...
2026-06-16 15:36:14.186 [http-nio-8080-exec-10] INFO  com.project.travel.handle.MyMetaObjectHandler - 公共字段自动填充[update]...
2026-06-16 15:38:39.268 [SpringApplicationShutdownHook] INFO  com.alibaba.druid.pool.DruidDataSource - {dataSource-1} closing ...
2026-06-16 15:38:39.287 [SpringApplicationShutdownHook] INFO  com.alibaba.druid.pool.DruidDataSource - {dataSource-1} closed
2026-06-16 15:38:46.952 [restartedMain] INFO  com.project.travel.TravelApplication - Starting TravelApplication using Java 1.8.0_202 on dilireba with PID 17508 (C:\maven\travel_system\travel\travel\travel-server\target\classes started by solitude in C:\maven\travel_system\travel\travel\travel-server)
2026-06-16 15:38:46.954 [restartedMain] INFO  com.project.travel.TravelApplication - The following 1 profile is active: "dev"
2026-06-16 15:38:47.042 [restartedMain] INFO  o.s.b.d.env.DevToolsPropertyDefaultsPostProcessor - Devtools property defaults active! Set 'spring.devtools.add-properties' to 'false' to disable
2026-06-16 15:38:47.042 [restartedMain] INFO  o.s.b.d.env.DevToolsPropertyDefaultsPostProcessor - For additional web related logging consider setting the 'logging.level.web' property to 'DEBUG'
2026-06-16 15:38:47.687 [restartedMain] INFO  o.s.d.r.config.RepositoryConfigurationDelegate - Multiple Spring Data modules found, entering strict repository configuration mode
2026-06-16 15:38:47.690 [restartedMain] INFO  o.s.d.r.config.RepositoryConfigurationDelegate - Bootstrapping Spring Data Redis repositories in DEFAULT mode.
2026-06-16 15:38:47.719 [restartedMain] INFO  o.s.d.r.config.RepositoryConfigurationDelegate - Finished Spring Data repository scanning in 15 ms. Found 0 Redis repository interfaces.
2026-06-16 15:38:48.437 [restartedMain] INFO  o.s.boot.web.embedded.tomcat.TomcatWebServer - Tomcat initialized with port(s): 8080 (http)
2026-06-16 15:38:48.445 [restartedMain] INFO  org.apache.coyote.http11.Http11NioProtocol - Initializing ProtocolHandler ["http-nio-8080"]
2026-06-16 15:38:48.446 [restartedMain] INFO  org.apache.catalina.core.StandardService - Starting service [Tomcat]
2026-06-16 15:38:48.446 [restartedMain] INFO  org.apache.catalina.core.StandardEngine - Starting Servlet engine: [Apache Tomcat/9.0.83]
2026-06-16 15:38:48.521 [restartedMain] INFO  o.a.c.core.ContainerBase.[Tomcat].[localhost].[/] - Initializing Spring embedded WebApplicationContext
2026-06-16 15:38:48.521 [restartedMain] INFO  o.s.b.w.s.c.ServletWebServerApplicationContext - Root WebApplicationContext: initialization completed in 1479 ms
2026-06-16 15:38:48.923 [restartedMain] INFO  c.a.d.s.b.a.DruidDataSourceAutoConfigure - Init DruidDataSource
2026-06-16 15:38:50.733 [restartedMain] INFO  com.alibaba.druid.pool.DruidDataSource - {dataSource-1} inited
2026-06-16 15:38:54.403 [restartedMain] INFO  o.s.b.d.autoconfigure.OptionalLiveReloadServer - LiveReload server is running on port 35729
2026-06-16 15:38:54.433 [restartedMain] INFO  org.apache.coyote.http11.Http11NioProtocol - Starting ProtocolHandler ["http-nio-8080"]
2026-06-16 15:38:54.468 [restartedMain] INFO  o.s.boot.web.embedded.tomcat.TomcatWebServer - Tomcat started on port(s): 8080 (http) with context path ''
2026-06-16 15:38:54.484 [restartedMain] INFO  com.project.travel.TravelApplication - Started TravelApplication in 8.102 seconds (JVM running for 8.537)
2026-06-16 15:39:07.435 [http-nio-8080-exec-2] INFO  o.a.c.core.ContainerBase.[Tomcat].[localhost].[/] - Initializing Spring DispatcherServlet 'dispatcherServlet'
2026-06-16 15:39:07.438 [http-nio-8080-exec-2] INFO  org.springframework.web.servlet.DispatcherServlet - Initializing Servlet 'dispatcherServlet'
2026-06-16 15:39:07.443 [http-nio-8080-exec-2] INFO  org.springframework.web.servlet.DispatcherServlet - Completed initialization in 3 ms
2026-06-16 15:45:10.510 [SpringApplicationShutdownHook] INFO  com.alibaba.druid.pool.DruidDataSource - {dataSource-1} closing ...
2026-06-16 15:45:10.520 [SpringApplicationShutdownHook] INFO  com.alibaba.druid.pool.DruidDataSource - {dataSource-1} closed
2026-06-16 15:45:13.105 [restartedMain] INFO  com.project.travel.TravelApplication - Starting TravelApplication using Java 1.8.0_202 on dilireba with PID 43404 (C:\maven\travel_system\travel\travel\travel-server\target\classes started by solitude in C:\maven\travel_system\travel\travel\travel-server)
2026-06-16 15:45:13.107 [restartedMain] INFO  com.project.travel.TravelApplication - The following 1 profile is active: "dev"
2026-06-16 15:45:13.198 [restartedMain] INFO  o.s.b.d.env.DevToolsPropertyDefaultsPostProcessor - Devtools property defaults active! Set 'spring.devtools.add-properties' to 'false' to disable
2026-06-16 15:45:13.198 [restartedMain] INFO  o.s.b.d.env.DevToolsPropertyDefaultsPostProcessor - For additional web related logging consider setting the 'logging.level.web' property to 'DEBUG'
2026-06-16 15:45:13.734 [restartedMain] INFO  o.s.d.r.config.RepositoryConfigurationDelegate - Multiple Spring Data modules found, entering strict repository configuration mode
2026-06-16 15:45:13.736 [restartedMain] INFO  o.s.d.r.config.RepositoryConfigurationDelegate - Bootstrapping Spring Data Redis repositories in DEFAULT mode.
2026-06-16 15:45:13.760 [restartedMain] INFO  o.s.d.r.config.RepositoryConfigurationDelegate - Finished Spring Data repository scanning in 13 ms. Found 0 Redis repository interfaces.
2026-06-16 15:45:14.430 [restartedMain] INFO  o.s.boot.web.embedded.tomcat.TomcatWebServer - Tomcat initialized with port(s): 8080 (http)
2026-06-16 15:45:14.440 [restartedMain] INFO  org.apache.coyote.http11.Http11NioProtocol - Initializing ProtocolHandler ["http-nio-8080"]
2026-06-16 15:45:14.441 [restartedMain] INFO  org.apache.catalina.core.StandardService - Starting service [Tomcat]
2026-06-16 15:45:14.441 [restartedMain] INFO  org.apache.catalina.core.StandardEngine - Starting Servlet engine: [Apache Tomcat/9.0.83]
2026-06-16 15:45:14.510 [restartedMain] INFO  o.a.c.core.ContainerBase.[Tomcat].[localhost].[/] - Initializing Spring embedded WebApplicationContext
2026-06-16 15:45:14.510 [restartedMain] INFO  o.s.b.w.s.c.ServletWebServerApplicationContext - Root WebApplicationContext: initialization completed in 1312 ms
2026-06-16 15:45:14.880 [restartedMain] INFO  c.a.d.s.b.a.DruidDataSourceAutoConfigure - Init DruidDataSource
2026-06-16 15:45:16.720 [restartedMain] INFO  com.alibaba.druid.pool.DruidDataSource - {dataSource-1} inited
2026-06-16 15:45:19.577 [restartedMain] INFO  o.s.b.d.autoconfigure.OptionalLiveReloadServer - LiveReload server is running on port 35729
2026-06-16 15:45:19.606 [restartedMain] INFO  org.apache.coyote.http11.Http11NioProtocol - Starting ProtocolHandler ["http-nio-8080"]
2026-06-16 15:45:19.645 [restartedMain] INFO  o.s.boot.web.embedded.tomcat.TomcatWebServer - Tomcat started on port(s): 8080 (http) with context path ''
2026-06-16 15:45:19.655 [restartedMain] INFO  com.project.travel.TravelApplication - Started TravelApplication in 7.042 seconds (JVM running for 7.504)
2026-06-16 15:45:38.439 [http-nio-8080-exec-1] INFO  o.a.c.core.ContainerBase.[Tomcat].[localhost].[/] - Initializing Spring DispatcherServlet 'dispatcherServlet'
2026-06-16 15:45:38.440 [http-nio-8080-exec-1] INFO  org.springframework.web.servlet.DispatcherServlet - Initializing Servlet 'dispatcherServlet'
2026-06-16 15:45:38.445 [http-nio-8080-exec-1] INFO  org.springframework.web.servlet.DispatcherServlet - Completed initialization in 5 ms
2026-06-16 15:54:20.189 [http-nio-8080-exec-61] INFO  com.project.travel.handle.MyMetaObjectHandler - 公共字段自动填充[insert]...
2026-06-16 15:56:31.100 [http-nio-8080-exec-68] INFO  com.project.travel.handle.MyMetaObjectHandler - 公共字段自动填充[update]...
2026-06-16 15:56:46.595 [http-nio-8080-exec-82] INFO  com.project.travel.handle.MyMetaObjectHandler - 公共字段自动填充[update]...
2026-06-16 15:56:48.452 [http-nio-8080-exec-84] INFO  com.project.travel.handle.MyMetaObjectHandler - 公共字段自动填充[update]...
2026-06-16 15:56:49.337 [http-nio-8080-exec-86] INFO  com.project.travel.handle.MyMetaObjectHandler - 公共字段自动填充[update]...
2026-06-16 15:56:53.309 [http-nio-8080-exec-90] INFO  com.project.travel.handle.MyMetaObjectHandler - 公共字段自动填充[update]...
2026-06-16 15:57:04.356 [http-nio-8080-exec-95] INFO  com.project.travel.handle.MyMetaObjectHandler - 公共字段自动填充[update]...
2026-06-16 15:57:10.465 [http-nio-8080-exec-2] INFO  com.project.travel.handle.MyMetaObjectHandler - 公共字段自动填充[update]...
2026-06-16 15:57:22.475 [http-nio-8080-exec-3] INFO  com.project.travel.handle.MyMetaObjectHandler - 公共字段自动填充[update]...
2026-06-16 15:57:23.206 [http-nio-8080-exec-8] INFO  com.project.travel.handle.MyMetaObjectHandler - 公共字段自动填充[update]...
2026-06-16 15:57:23.482 [http-nio-8080-exec-9] INFO  com.project.travel.handle.MyMetaObjectHandler - 公共字段自动填充[update]...
2026-06-16 15:57:23.646 [http-nio-8080-exec-6] INFO  com.project.travel.handle.MyMetaObjectHandler - 公共字段自动填充[update]...
2026-06-16 15:57:24.251 [http-nio-8080-exec-11] INFO  com.project.travel.handle.MyMetaObjectHandler - 公共字段自动填充[update]...
2026-06-16 15:57:29.005 [http-nio-8080-exec-17] INFO  com.project.travel.handle.MyMetaObjectHandler - 公共字段自动填充[update]...
2026-06-16 15:57:33.029 [http-nio-8080-exec-21] INFO  com.project.travel.handle.MyMetaObjectHandler - 公共字段自动填充[update]...
2026-06-16 15:57:39.860 [http-nio-8080-exec-29] INFO  com.project.travel.handle.MyMetaObjectHandler - 公共字段自动填充[update]...
2026-06-16 15:57:59.350 [http-nio-8080-exec-35] INFO  com.project.travel.handle.MyMetaObjectHandler - 公共字段自动填充[update]...
2026-06-16 15:58:18.404 [http-nio-8080-exec-38] INFO  com.project.travel.handle.MyMetaObjectHandler - 公共字段自动填充[update]...
2026-06-16 15:58:19.536 [http-nio-8080-exec-41] INFO  com.project.travel.handle.MyMetaObjectHandler - 公共字段自动填充[update]...
2026-06-16 15:58:39.849 [http-nio-8080-exec-46] INFO  com.project.travel.handle.MyMetaObjectHandler - 公共字段自动填充[update]...
2026-06-16 15:58:41.559 [http-nio-8080-exec-48] INFO  com.project.travel.handle.MyMetaObjectHandler - 公共字段自动填充[update]...
2026-06-16 15:59:01.104 [http-nio-8080-exec-56] INFO  com.project.travel.handle.MyMetaObjectHandler - 公共字段自动填充[update]...
2026-06-16 15:59:07.273 [http-nio-8080-exec-59] INFO  com.project.travel.handle.MyMetaObjectHandler - 公共字段自动填充[update]...
2026-06-16 15:59:14.931 [http-nio-8080-exec-64] INFO  com.project.travel.handle.MyMetaObjectHandler - 公共字段自动填充[update]...
2026-06-16 16:02:48.226 [http-nio-8080-exec-14] INFO  com.project.travel.handle.MyMetaObjectHandler - 公共字段自动填充[update]...
2026-06-16 16:02:54.732 [http-nio-8080-exec-16] INFO  com.project.travel.handle.MyMetaObjectHandler - 公共字段自动填充[update]...
2026-06-16 16:02:54.740 [http-nio-8080-exec-16] INFO  com.project.travel.handle.MyMetaObjectHandler - 公共字段自动填充[insert]...
2026-06-16 16:27:08.225 [http-nio-8080-exec-76] INFO  com.project.travel.handle.MyMetaObjectHandler - 公共字段自动填充[update]...
2026-06-16 16:27:14.275 [http-nio-8080-exec-79] INFO  com.project.travel.handle.MyMetaObjectHandler - 公共字段自动填充[update]...
2026-06-16 16:27:14.282 [http-nio-8080-exec-79] INFO  com.project.travel.handle.MyMetaObjectHandler - 公共字段自动填充[insert]...
2026-06-16 16:45:42.972 [SpringApplicationShutdownHook] INFO  com.alibaba.druid.pool.DruidDataSource - {dataSource-1} closing ...
2026-06-16 16:45:43.000 [SpringApplicationShutdownHook] INFO  com.alibaba.druid.pool.DruidDataSource - {dataSource-1} closed
2026-06-16 16:47:47.275 [restartedMain] INFO  com.project.travel.TravelApplication - Starting TravelApplication using Java 1.8.0_202 on dilireba with PID 29800 (C:\maven\travel_system\travel\travel\travel-server\target\classes started by solitude in C:\maven\travel_system\travel\travel\travel-server)
2026-06-16 16:47:47.275 [restartedMain] INFO  com.project.travel.TravelApplication - The following 1 profile is active: "dev"
2026-06-16 16:47:47.345 [restartedMain] INFO  o.s.b.d.env.DevToolsPropertyDefaultsPostProcessor - Devtools property defaults active! Set 'spring.devtools.add-properties' to 'false' to disable
2026-06-16 16:47:47.345 [restartedMain] INFO  o.s.b.d.env.DevToolsPropertyDefaultsPostProcessor - For additional web related logging consider setting the 'logging.level.web' property to 'DEBUG'
2026-06-16 16:47:47.981 [restartedMain] INFO  o.s.d.r.config.RepositoryConfigurationDelegate - Multiple Spring Data modules found, entering strict repository configuration mode
2026-06-16 16:47:47.984 [restartedMain] INFO  o.s.d.r.config.RepositoryConfigurationDelegate - Bootstrapping Spring Data Redis repositories in DEFAULT mode.
2026-06-16 16:47:48.014 [restartedMain] INFO  o.s.d.r.config.RepositoryConfigurationDelegate - Finished Spring Data repository scanning in 15 ms. Found 0 Redis repository interfaces.
2026-06-16 16:47:48.772 [restartedMain] INFO  o.s.boot.web.embedded.tomcat.TomcatWebServer - Tomcat initialized with port(s): 8080 (http)
2026-06-16 16:47:48.779 [restartedMain] INFO  org.apache.coyote.http11.Http11NioProtocol - Initializing ProtocolHandler ["http-nio-8080"]
2026-06-16 16:47:48.780 [restartedMain] INFO  org.apache.catalina.core.StandardService - Starting service [Tomcat]
2026-06-16 16:47:48.781 [restartedMain] INFO  org.apache.catalina.core.StandardEngine - Starting Servlet engine: [Apache Tomcat/9.0.83]
2026-06-16 16:47:48.859 [restartedMain] INFO  o.a.c.core.ContainerBase.[Tomcat].[localhost].[/] - Initializing Spring embedded WebApplicationContext
2026-06-16 16:47:48.859 [restartedMain] INFO  o.s.b.w.s.c.ServletWebServerApplicationContext - Root WebApplicationContext: initialization completed in 1514 ms
2026-06-16 16:47:49.306 [restartedMain] INFO  c.a.d.s.b.a.DruidDataSourceAutoConfigure - Init DruidDataSource
2026-06-16 16:47:50.690 [restartedMain] INFO  com.alibaba.druid.pool.DruidDataSource - {dataSource-1} inited
2026-06-16 16:47:54.501 [restartedMain] INFO  o.s.b.d.autoconfigure.OptionalLiveReloadServer - LiveReload server is running on port 35729
2026-06-16 16:47:54.532 [restartedMain] INFO  org.apache.coyote.http11.Http11NioProtocol - Starting ProtocolHandler ["http-nio-8080"]
2026-06-16 16:47:54.564 [restartedMain] INFO  o.s.boot.web.embedded.tomcat.TomcatWebServer - Tomcat started on port(s): 8080 (http) with context path ''
2026-06-16 16:47:54.578 [restartedMain] INFO  com.project.travel.TravelApplication - Started TravelApplication in 7.823 seconds (JVM running for 8.33)
2026-06-16 16:48:09.120 [http-nio-8080-exec-1] INFO  o.a.c.core.ContainerBase.[Tomcat].[localhost].[/] - Initializing Spring DispatcherServlet 'dispatcherServlet'
2026-06-16 16:48:09.121 [http-nio-8080-exec-1] INFO  org.springframework.web.servlet.DispatcherServlet - Initializing Servlet 'dispatcherServlet'
2026-06-16 16:48:09.123 [http-nio-8080-exec-1] INFO  org.springframework.web.servlet.DispatcherServlet - Completed initialization in 2 ms
2026-06-16 16:48:22.067 [http-nio-8080-exec-15] INFO  com.project.travel.handle.MyMetaObjectHandler - 公共字段自动填充[update]...
2026-06-16 16:48:35.593 [http-nio-8080-exec-28] INFO  com.project.travel.handle.MyMetaObjectHandler - 公共字段自动填充[update]...
2026-06-16 16:50:08.898 [http-nio-8080-exec-30] INFO  com.project.travel.handle.MyMetaObjectHandler - 公共字段自动填充[update]...
2026-06-16 16:50:12.473 [http-nio-8080-exec-34] INFO  com.project.travel.handle.MyMetaObjectHandler - 公共字段自动填充[update]...
2026-06-16 16:50:14.305 [http-nio-8080-exec-38] INFO  com.project.travel.handle.MyMetaObjectHandler - 公共字段自动填充[update]...
2026-06-16 16:50:16.397 [http-nio-8080-exec-42] INFO  com.project.travel.handle.MyMetaObjectHandler - 公共字段自动填充[update]...
2026-06-16 16:50:20.284 [http-nio-8080-exec-46] INFO  com.project.travel.handle.MyMetaObjectHandler - 公共字段自动填充[update]...
2026-06-16 16:50:23.358 [http-nio-8080-exec-50] INFO  com.project.travel.handle.MyMetaObjectHandler - 公共字段自动填充[update]...
2026-06-16 16:51:43.020 [http-nio-8080-exec-63] INFO  com.project.travel.handle.MyMetaObjectHandler - 公共字段自动填充[update]...
2026-06-16 16:56:28.148 [http-nio-8080-exec-97] INFO  com.project.travel.handle.MyMetaObjectHandler - 公共字段自动填充[update]...
2026-06-16 16:56:32.091 [http-nio-8080-exec-1] INFO  com.project.travel.handle.MyMetaObjectHandler - 公共字段自动填充[update]...
2026-06-16 16:56:33.965 [http-nio-8080-exec-7] INFO  com.project.travel.handle.MyMetaObjectHandler - 公共字段自动填充[update]...
2026-06-16 16:56:36.061 [http-nio-8080-exec-9] INFO  com.project.travel.handle.MyMetaObjectHandler - 公共字段自动填充[update]...
2026-06-16 16:58:35.123 [SpringApplicationShutdownHook] INFO  com.alibaba.druid.pool.DruidDataSource - {dataSource-1} closing ...
2026-06-16 16:58:35.131 [SpringApplicationShutdownHook] INFO  com.alibaba.druid.pool.DruidDataSource - {dataSource-1} closed
2026-06-16 16:58:42.754 [restartedMain] INFO  com.project.travel.TravelApplication - Starting TravelApplication using Java 1.8.0_202 on dilireba with PID 38632 (C:\maven\travel_system\travel\travel\travel-server\target\classes started by solitude in C:\maven\travel_system\travel\travel\travel-server)
2026-06-16 16:58:42.756 [restartedMain] INFO  com.project.travel.TravelApplication - The following 1 profile is active: "dev"
2026-06-16 16:58:42.842 [restartedMain] INFO  o.s.b.d.env.DevToolsPropertyDefaultsPostProcessor - Devtools property defaults active! Set 'spring.devtools.add-properties' to 'false' to disable
2026-06-16 16:58:42.842 [restartedMain] INFO  o.s.b.d.env.DevToolsPropertyDefaultsPostProcessor - For additional web related logging consider setting the 'logging.level.web' property to 'DEBUG'
2026-06-16 16:58:43.432 [restartedMain] INFO  o.s.d.r.config.RepositoryConfigurationDelegate - Multiple Spring Data modules found, entering strict repository configuration mode
2026-06-16 16:58:43.434 [restartedMain] INFO  o.s.d.r.config.RepositoryConfigurationDelegate - Bootstrapping Spring Data Redis repositories in DEFAULT mode.
2026-06-16 16:58:43.458 [restartedMain] INFO  o.s.d.r.config.RepositoryConfigurationDelegate - Finished Spring Data repository scanning in 13 ms. Found 0 Redis repository interfaces.
2026-06-16 16:58:44.169 [restartedMain] INFO  o.s.boot.web.embedded.tomcat.TomcatWebServer - Tomcat initialized with port(s): 8080 (http)
2026-06-16 16:58:44.179 [restartedMain] INFO  org.apache.coyote.http11.Http11NioProtocol - Initializing ProtocolHandler ["http-nio-8080"]
2026-06-16 16:58:44.180 [restartedMain] INFO  org.apache.catalina.core.StandardService - Starting service [Tomcat]
2026-06-16 16:58:44.181 [restartedMain] INFO  org.apache.catalina.core.StandardEngine - Starting Servlet engine: [Apache Tomcat/9.0.83]
2026-06-16 16:58:44.262 [restartedMain] INFO  o.a.c.core.ContainerBase.[Tomcat].[localhost].[/] - Initializing Spring embedded WebApplicationContext
2026-06-16 16:58:44.263 [restartedMain] INFO  o.s.b.w.s.c.ServletWebServerApplicationContext - Root WebApplicationContext: initialization completed in 1421 ms
2026-06-16 16:58:44.649 [restartedMain] INFO  c.a.d.s.b.a.DruidDataSourceAutoConfigure - Init DruidDataSource
2026-06-16 16:58:46.232 [restartedMain] INFO  com.alibaba.druid.pool.DruidDataSource - {dataSource-1} inited
2026-06-16 16:58:49.360 [restartedMain] INFO  o.s.b.d.autoconfigure.OptionalLiveReloadServer - LiveReload server is running on port 35729
2026-06-16 16:58:49.388 [restartedMain] INFO  org.apache.coyote.http11.Http11NioProtocol - Starting ProtocolHandler ["http-nio-8080"]
2026-06-16 16:58:49.424 [restartedMain] INFO  o.s.boot.web.embedded.tomcat.TomcatWebServer - Tomcat started on port(s): 8080 (http) with context path ''
2026-06-16 16:58:49.436 [restartedMain] INFO  com.project.travel.TravelApplication - Started TravelApplication in 7.186 seconds (JVM running for 7.633)
2026-06-16 16:59:05.171 [http-nio-8080-exec-1] INFO  o.a.c.core.ContainerBase.[Tomcat].[localhost].[/] - Initializing Spring DispatcherServlet 'dispatcherServlet'
2026-06-16 16:59:05.176 [http-nio-8080-exec-1] INFO  org.springframework.web.servlet.DispatcherServlet - Initializing Servlet 'dispatcherServlet'
2026-06-16 16:59:05.183 [http-nio-8080-exec-1] INFO  org.springframework.web.servlet.DispatcherServlet - Completed initialization in 6 ms
2026-06-16 16:59:46.047 [http-nio-8080-exec-43] INFO  com.project.travel.handle.MyMetaObjectHandler - 公共字段自动填充[update]...
2026-06-16 17:04:03.528 [http-nio-8080-exec-69] INFO  com.project.travel.handle.MyMetaObjectHandler - 公共字段自动填充[update]...
2026-06-16 17:04:05.941 [http-nio-8080-exec-73] INFO  com.project.travel.handle.MyMetaObjectHandler - 公共字段自动填充[update]...
2026-06-16 17:05:54.450 [SpringApplicationShutdownHook] INFO  com.alibaba.druid.pool.DruidDataSource - {dataSource-1} closing ...
2026-06-16 17:05:54.465 [SpringApplicationShutdownHook] INFO  com.alibaba.druid.pool.DruidDataSource - {dataSource-1} closed
2026-06-16 17:06:14.508 [restartedMain] INFO  com.project.travel.TravelApplication - Starting TravelApplication using Java 1.8.0_202 on dilireba with PID 26068 (C:\maven\travel_system\travel\travel\travel-server\target\classes started by solitude in C:\maven\travel_system\travel\travel\travel-server)
2026-06-16 17:06:14.512 [restartedMain] INFO  com.project.travel.TravelApplication - The following 1 profile is active: "dev"
2026-06-16 17:06:14.640 [restartedMain] INFO  o.s.b.d.env.DevToolsPropertyDefaultsPostProcessor - Devtools property defaults active! Set 'spring.devtools.add-properties' to 'false' to disable
2026-06-16 17:06:14.640 [restartedMain] INFO  o.s.b.d.env.DevToolsPropertyDefaultsPostProcessor - For additional web related logging consider setting the 'logging.level.web' property to 'DEBUG'
2026-06-16 17:06:16.501 [restartedMain] INFO  o.s.d.r.config.RepositoryConfigurationDelegate - Multiple Spring Data modules found, entering strict repository configuration mode
2026-06-16 17:06:16.506 [restartedMain] INFO  o.s.d.r.config.RepositoryConfigurationDelegate - Bootstrapping Spring Data Redis repositories in DEFAULT mode.
2026-06-16 17:06:16.588 [restartedMain] INFO  o.s.d.r.config.RepositoryConfigurationDelegate - Finished Spring Data repository scanning in 50 ms. Found 0 Redis repository interfaces.
2026-06-16 17:06:18.687 [restartedMain] INFO  o.s.boot.web.embedded.tomcat.TomcatWebServer - Tomcat initialized with port(s): 8080 (http)
2026-06-16 17:06:18.710 [restartedMain] INFO  org.apache.coyote.http11.Http11NioProtocol - Initializing ProtocolHandler ["http-nio-8080"]
2026-06-16 17:06:18.714 [restartedMain] INFO  org.apache.catalina.core.StandardService - Starting service [Tomcat]
2026-06-16 17:06:18.715 [restartedMain] INFO  org.apache.catalina.core.StandardEngine - Starting Servlet engine: [Apache Tomcat/9.0.83]
2026-06-16 17:06:18.973 [restartedMain] INFO  o.a.c.core.ContainerBase.[Tomcat].[localhost].[/] - Initializing Spring embedded WebApplicationContext
2026-06-16 17:06:18.974 [restartedMain] INFO  o.s.b.w.s.c.ServletWebServerApplicationContext - Root WebApplicationContext: initialization completed in 4332 ms
2026-06-16 17:06:20.011 [restartedMain] INFO  c.a.d.s.b.a.DruidDataSourceAutoConfigure - Init DruidDataSource
2026-06-16 17:06:25.810 [restartedMain] INFO  com.alibaba.druid.pool.DruidDataSource - {dataSource-1} inited
2026-06-16 17:06:35.238 [restartedMain] INFO  o.s.b.d.autoconfigure.OptionalLiveReloadServer - LiveReload server is running on port 35729
2026-06-16 17:06:35.269 [restartedMain] INFO  org.apache.coyote.http11.Http11NioProtocol - Starting ProtocolHandler ["http-nio-8080"]
2026-06-16 17:06:35.308 [restartedMain] INFO  o.s.boot.web.embedded.tomcat.TomcatWebServer - Tomcat started on port(s): 8080 (http) with context path ''
2026-06-16 17:06:35.323 [restartedMain] INFO  com.project.travel.TravelApplication - Started TravelApplication in 21.96 seconds (JVM running for 22.896)
2026-06-16 17:06:44.103 [http-nio-8080-exec-1] INFO  o.a.c.core.ContainerBase.[Tomcat].[localhost].[/] - Initializing Spring DispatcherServlet 'dispatcherServlet'
2026-06-16 17:06:44.104 [http-nio-8080-exec-1] INFO  org.springframework.web.servlet.DispatcherServlet - Initializing Servlet 'dispatcherServlet'
2026-06-16 17:06:44.107 [http-nio-8080-exec-1] INFO  org.springframework.web.servlet.DispatcherServlet - Completed initialization in 3 ms
2026-06-16 18:12:27.721 [http-nio-8080-exec-15] INFO  com.project.travel.handle.MyMetaObjectHandler - 公共字段自动填充[update]...
2026-06-16 18:12:32.722 [http-nio-8080-exec-19] INFO  com.project.travel.handle.MyMetaObjectHandler - 公共字段自动填充[update]...
2026-06-16 18:13:09.279 [http-nio-8080-exec-33] INFO  com.project.travel.handle.MyMetaObjectHandler - 公共字段自动填充[insert]...
2026-06-16 18:14:05.139 [http-nio-8080-exec-47] INFO  com.project.travel.handle.MyMetaObjectHandler - 公共字段自动填充[update]...
2026-06-16 18:18:38.312 [http-nio-8080-exec-79] INFO  com.project.travel.handle.MyMetaObjectHandler - 公共字段自动填充[update]...
2026-06-16 18:21:45.360 [SpringApplicationShutdownHook] INFO  com.alibaba.druid.pool.DruidDataSource - {dataSource-1} closing ...
2026-06-16 18:21:45.371 [SpringApplicationShutdownHook] INFO  com.alibaba.druid.pool.DruidDataSource - {dataSource-1} closed
2026-06-16 18:21:48.427 [restartedMain] INFO  com.project.travel.TravelApplication - Starting TravelApplication using Java 1.8.0_202 on dilireba with PID 36724 (C:\maven\travel_system\travel\travel\travel-server\target\classes started by solitude in C:\maven\travel_system\travel\travel\travel-server)
2026-06-16 18:21:48.429 [restartedMain] INFO  com.project.travel.TravelApplication - The following 1 profile is active: "dev"
2026-06-16 18:21:48.512 [restartedMain] INFO  o.s.b.d.env.DevToolsPropertyDefaultsPostProcessor - Devtools property defaults active! Set 'spring.devtools.add-properties' to 'false' to disable
2026-06-16 18:21:48.512 [restartedMain] INFO  o.s.b.d.env.DevToolsPropertyDefaultsPostProcessor - For additional web related logging consider setting the 'logging.level.web' property to 'DEBUG'
2026-06-16 18:21:49.136 [restartedMain] INFO  o.s.d.r.config.RepositoryConfigurationDelegate - Multiple Spring Data modules found, entering strict repository configuration mode
2026-06-16 18:21:49.140 [restartedMain] INFO  o.s.d.r.config.RepositoryConfigurationDelegate - Bootstrapping Spring Data Redis repositories in DEFAULT mode.
2026-06-16 18:21:49.166 [restartedMain] INFO  o.s.d.r.config.RepositoryConfigurationDelegate - Finished Spring Data repository scanning in 14 ms. Found 0 Redis repository interfaces.
2026-06-16 18:21:49.874 [restartedMain] INFO  o.s.boot.web.embedded.tomcat.TomcatWebServer - Tomcat initialized with port(s): 8080 (http)
2026-06-16 18:21:49.882 [restartedMain] INFO  org.apache.coyote.http11.Http11NioProtocol - Initializing ProtocolHandler ["http-nio-8080"]
2026-06-16 18:21:49.883 [restartedMain] INFO  org.apache.catalina.core.StandardService - Starting service [Tomcat]
2026-06-16 18:21:49.883 [restartedMain] INFO  org.apache.catalina.core.StandardEngine - Starting Servlet engine: [Apache Tomcat/9.0.83]
2026-06-16 18:21:49.956 [restartedMain] INFO  o.a.c.core.ContainerBase.[Tomcat].[localhost].[/] - Initializing Spring embedded WebApplicationContext
2026-06-16 18:21:49.956 [restartedMain] INFO  o.s.b.w.s.c.ServletWebServerApplicationContext - Root WebApplicationContext: initialization completed in 1444 ms
2026-06-16 18:21:50.361 [restartedMain] INFO  c.a.d.s.b.a.DruidDataSourceAutoConfigure - Init DruidDataSource
2026-06-16 18:21:52.210 [restartedMain] INFO  com.alibaba.druid.pool.DruidDataSource - {dataSource-1} inited
2026-06-16 18:21:56.422 [restartedMain] INFO  o.s.b.d.autoconfigure.OptionalLiveReloadServer - LiveReload server is running on port 35729
2026-06-16 18:21:56.452 [restartedMain] INFO  org.apache.coyote.http11.Http11NioProtocol - Starting ProtocolHandler ["http-nio-8080"]
2026-06-16 18:21:56.496 [restartedMain] INFO  o.s.boot.web.embedded.tomcat.TomcatWebServer - Tomcat started on port(s): 8080 (http) with context path ''
2026-06-16 18:21:56.511 [restartedMain] INFO  com.project.travel.TravelApplication - Started TravelApplication in 8.665 seconds (JVM running for 9.186)
2026-06-16 18:23:19.407 [http-nio-8080-exec-1] INFO  o.a.c.core.ContainerBase.[Tomcat].[localhost].[/] - Initializing Spring DispatcherServlet 'dispatcherServlet'
2026-06-16 18:23:19.407 [http-nio-8080-exec-1] INFO  org.springframework.web.servlet.DispatcherServlet - Initializing Servlet 'dispatcherServlet'
2026-06-16 18:23:19.409 [http-nio-8080-exec-1] INFO  org.springframework.web.servlet.DispatcherServlet - Completed initialization in 2 ms
2026-06-16 18:23:35.427 [http-nio-8080-exec-13] INFO  com.project.travel.handle.MyMetaObjectHandler - 公共字段自动填充[update]...
2026-06-16 18:23:48.910 [http-nio-8080-exec-17] INFO  com.project.travel.handle.MyMetaObjectHandler - 公共字段自动填充[update]...
2026-06-16 20:33:45.231 [SpringApplicationShutdownHook] INFO  com.alibaba.druid.pool.DruidDataSource - {dataSource-1} closing ...
2026-06-16 20:33:45.236 [SpringApplicationShutdownHook] INFO  com.alibaba.druid.pool.DruidDataSource - {dataSource-1} closed
2026-06-16 21:35:21.717 [restartedMain] INFO  com.project.travel.TravelApplication - Starting TravelApplication using Java 1.8.0_202 on dilireba with PID 42152 (C:\maven\travel_system\travel\travel\travel-server\target\classes started by solitude in C:\maven\travel_system\travel\travel\travel-server)
2026-06-16 21:35:21.718 [restartedMain] INFO  com.project.travel.TravelApplication - The following 1 profile is active: "dev"
2026-06-16 21:35:21.804 [restartedMain] INFO  o.s.b.d.env.DevToolsPropertyDefaultsPostProcessor - Devtools property defaults active! Set 'spring.devtools.add-properties' to 'false' to disable
2026-06-16 21:35:21.804 [restartedMain] INFO  o.s.b.d.env.DevToolsPropertyDefaultsPostProcessor - For additional web related logging consider setting the 'logging.level.web' property to 'DEBUG'
2026-06-16 21:35:22.452 [restartedMain] INFO  o.s.d.r.config.RepositoryConfigurationDelegate - Multiple Spring Data modules found, entering strict repository configuration mode
2026-06-16 21:35:22.455 [restartedMain] INFO  o.s.d.r.config.RepositoryConfigurationDelegate - Bootstrapping Spring Data Redis repositories in DEFAULT mode.
2026-06-16 21:35:22.497 [restartedMain] INFO  o.s.d.r.config.RepositoryConfigurationDelegate - Finished Spring Data repository scanning in 20 ms. Found 0 Redis repository interfaces.
2026-06-16 21:35:23.417 [restartedMain] INFO  o.s.boot.web.embedded.tomcat.TomcatWebServer - Tomcat initialized with port(s): 8080 (http)
2026-06-16 21:35:23.444 [restartedMain] INFO  org.apache.coyote.http11.Http11NioProtocol - Initializing ProtocolHandler ["http-nio-8080"]
2026-06-16 21:35:23.451 [restartedMain] INFO  org.apache.catalina.core.StandardService - Starting service [Tomcat]
2026-06-16 21:35:23.453 [restartedMain] INFO  org.apache.catalina.core.StandardEngine - Starting Servlet engine: [Apache Tomcat/9.0.83]
2026-06-16 21:35:23.888 [restartedMain] INFO  o.a.c.core.ContainerBase.[Tomcat].[localhost].[/] - Initializing Spring embedded WebApplicationContext
2026-06-16 21:35:23.889 [restartedMain] INFO  o.s.b.w.s.c.ServletWebServerApplicationContext - Root WebApplicationContext: initialization completed in 2085 ms
2026-06-16 21:35:24.945 [restartedMain] INFO  c.a.d.s.b.a.DruidDataSourceAutoConfigure - Init DruidDataSource
2026-06-16 21:35:30.979 [restartedMain] INFO  com.alibaba.druid.pool.DruidDataSource - {dataSource-1} inited
2026-06-16 21:35:42.935 [restartedMain] INFO  o.s.b.d.autoconfigure.OptionalLiveReloadServer - LiveReload server is running on port 35729
2026-06-16 21:35:43.068 [restartedMain] INFO  org.apache.coyote.http11.Http11NioProtocol - Starting ProtocolHandler ["http-nio-8080"]
2026-06-16 21:35:43.139 [restartedMain] INFO  o.s.boot.web.embedded.tomcat.TomcatWebServer - Tomcat started on port(s): 8080 (http) with context path ''
2026-06-16 21:35:43.175 [restartedMain] INFO  com.project.travel.TravelApplication - Started TravelApplication in 22.055 seconds (JVM running for 22.762)
2026-06-16 21:36:11.335 [http-nio-8080-exec-5] INFO  o.a.c.core.ContainerBase.[Tomcat].[localhost].[/] - Initializing Spring DispatcherServlet 'dispatcherServlet'
2026-06-16 21:36:11.335 [http-nio-8080-exec-5] INFO  org.springframework.web.servlet.DispatcherServlet - Initializing Servlet 'dispatcherServlet'
2026-06-16 21:36:11.338 [http-nio-8080-exec-5] INFO  org.springframework.web.servlet.DispatcherServlet - Completed initialization in 2 ms
2026-06-16 22:53:28.284 [http-nio-8080-exec-4] INFO  com.project.travel.handle.MyMetaObjectHandler - 公共字段自动填充[update]...
2026-06-16 22:54:12.963 [http-nio-8080-exec-12] INFO  com.project.travel.handle.MyMetaObjectHandler - 公共字段自动填充[update]...
2026-06-16 22:54:16.657 [http-nio-8080-exec-16] INFO  com.project.travel.handle.MyMetaObjectHandler - 公共字段自动填充[update]...
2026-06-16 22:54:23.196 [http-nio-8080-exec-19] INFO  com.project.travel.handle.MyMetaObjectHandler - 公共字段自动填充[update]...
2026-06-16 22:54:56.461 [http-nio-8080-exec-38] INFO  com.project.travel.handle.MyMetaObjectHandler - 公共字段自动填充[update]...
2026-06-16 23:02:01.469 [http-nio-8080-exec-81] INFO  com.project.travel.handle.MyMetaObjectHandler - 公共字段自动填充[update]...
2026-06-16 23:03:15.450 [http-nio-8080-exec-91] INFO  com.project.travel.handle.MyMetaObjectHandler - 公共字段自动填充[update]...
2026-06-16 23:03:29.798 [http-nio-8080-exec-94] INFO  com.project.travel.handle.MyMetaObjectHandler - 公共字段自动填充[update]...
2026-06-16 23:07:30.126 [http-nio-8080-exec-24] INFO  com.project.travel.handle.MyMetaObjectHandler - 公共字段自动填充[update]...
2026-06-16 23:07:41.663 [http-nio-8080-exec-26] INFO  com.project.travel.handle.MyMetaObjectHandler - 公共字段自动填充[update]...
2026-06-16 23:08:59.552 [http-nio-8080-exec-42] INFO  com.project.travel.handle.MyMetaObjectHandler - 公共字段自动填充[update]...
2026-06-16 23:21:40.940 [http-nio-8080-exec-61] INFO  com.project.travel.handle.MyMetaObjectHandler - 公共字段自动填充[update]...
2026-06-16 23:24:07.073 [SpringApplicationShutdownHook] INFO  com.alibaba.druid.pool.DruidDataSource - {dataSource-1} closing ...
2026-06-16 23:24:07.077 [SpringApplicationShutdownHook] INFO  com.alibaba.druid.pool.DruidDataSource - {dataSource-1} closed
