2025-04-16 17:08:24.908 [restartedMain] INFO  com.project.travel.TravelApplication - Starting TravelApplication using Java 17.0.9 on LAPTOP-5QM2TNV9 with PID 9460 (C:\Users\86152\OneDrive\桌面\BS\旅游推荐系统\travel\travel\travel-server\target\classes started by 86152 in C:\Users\86152\OneDrive\桌面\BS\旅游推荐系统\travel\travel\travel-server)
2025-04-16 17:08:24.913 [restartedMain] INFO  com.project.travel.TravelApplication - The following profiles are active: dev
2025-04-16 17:08:24.955 [restartedMain] INFO  o.s.b.d.env.DevToolsPropertyDefaultsPostProcessor - Devtools property defaults active! Set 'spring.devtools.add-properties' to 'false' to disable
2025-04-16 17:08:24.956 [restartedMain] INFO  o.s.b.d.env.DevToolsPropertyDefaultsPostProcessor - For additional web related logging consider setting the 'logging.level.web' property to 'DEBUG'
2025-04-16 17:08:25.689 [restartedMain] INFO  o.s.d.r.config.RepositoryConfigurationDelegate - Multiple Spring Data modules found, entering strict repository configuration mode!
2025-04-16 17:08:25.691 [restartedMain] INFO  o.s.d.r.config.RepositoryConfigurationDelegate - Bootstrapping Spring Data Redis repositories in DEFAULT mode.
2025-04-16 17:08:25.733 [restartedMain] INFO  o.s.d.r.config.RepositoryConfigurationDelegate - Finished Spring Data repository scanning in 29 ms. Found 0 Redis repository interfaces.
2025-04-16 17:08:26.374 [restartedMain] INFO  o.s.boot.web.embedded.tomcat.TomcatWebServer - Tomcat initialized with port(s): 8080 (http)
2025-04-16 17:08:26.388 [restartedMain] INFO  org.apache.coyote.http11.Http11NioProtocol - Initializing ProtocolHandler ["http-nio-8080"]
2025-04-16 17:08:26.389 [restartedMain] INFO  org.apache.catalina.core.StandardService - Starting service [Tomcat]
2025-04-16 17:08:26.389 [restartedMain] INFO  org.apache.catalina.core.StandardEngine - Starting Servlet engine: [Apache Tomcat/9.0.41]
2025-04-16 17:08:26.463 [restartedMain] INFO  o.a.c.core.ContainerBase.[Tomcat].[localhost].[/] - Initializing Spring embedded WebApplicationContext
2025-04-16 17:08:26.463 [restartedMain] INFO  o.s.b.w.s.c.ServletWebServerApplicationContext - Root WebApplicationContext: initialization completed in 1507 ms
2025-04-16 17:08:26.841 [restartedMain] INFO  c.a.d.s.b.a.DruidDataSourceAutoConfigure - Init DruidDataSource
2025-04-16 17:08:27.687 [restartedMain] INFO  com.alibaba.druid.pool.DruidDataSource - {dataSource-1} inited
2025-04-16 17:08:28.431 [restartedMain] INFO  o.s.scheduling.concurrent.ThreadPoolTaskExecutor - Initializing ExecutorService 'applicationTaskExecutor'
2025-04-16 17:08:28.702 [restartedMain] INFO  o.s.b.d.autoconfigure.OptionalLiveReloadServer - LiveReload server is running on port 35729
2025-04-16 17:08:28.734 [restartedMain] INFO  org.apache.coyote.http11.Http11NioProtocol - Starting ProtocolHandler ["http-nio-8080"]
2025-04-16 17:08:28.760 [restartedMain] INFO  o.s.boot.web.embedded.tomcat.TomcatWebServer - Tomcat started on port(s): 8080 (http) with context path ''
2025-04-16 17:08:28.770 [restartedMain] INFO  com.project.travel.TravelApplication - Started TravelApplication in 4.329 seconds (JVM running for 5.126)
2025-04-16 17:08:39.611 [Thread-5] INFO  o.s.scheduling.concurrent.ThreadPoolTaskExecutor - Shutting down ExecutorService 'applicationTaskExecutor'
2025-04-16 17:08:39.614 [Thread-5] INFO  com.alibaba.druid.pool.DruidDataSource - {dataSource-1} closing ...
2025-04-16 17:08:39.621 [Thread-5] INFO  com.alibaba.druid.pool.DruidDataSource - {dataSource-1} closed
2025-04-16 17:08:39.758 [restartedMain] INFO  com.project.travel.TravelApplication - Starting TravelApplication using Java 17.0.9 on LAPTOP-5QM2TNV9 with PID 9460 (C:\Users\86152\OneDrive\桌面\BS\旅游推荐系统\travel\travel\travel-server\target\classes started by 86152 in C:\Users\86152\OneDrive\桌面\BS\旅游推荐系统\travel\travel\travel-server)
2025-04-16 17:08:39.758 [restartedMain] INFO  com.project.travel.TravelApplication - The following profiles are active: dev
2025-04-16 17:08:40.036 [restartedMain] INFO  o.s.d.r.config.RepositoryConfigurationDelegate - Multiple Spring Data modules found, entering strict repository configuration mode!
2025-04-16 17:08:40.037 [restartedMain] INFO  o.s.d.r.config.RepositoryConfigurationDelegate - Bootstrapping Spring Data Redis repositories in DEFAULT mode.
2025-04-16 17:08:40.039 [restartedMain] INFO  o.s.d.r.config.RepositoryConfigurationDelegate - Finished Spring Data repository scanning in 1 ms. Found 0 Redis repository interfaces.
2025-04-16 17:08:40.171 [restartedMain] INFO  o.s.boot.web.embedded.tomcat.TomcatWebServer - Tomcat initialized with port(s): 8080 (http)
2025-04-16 17:08:40.172 [restartedMain] INFO  org.apache.coyote.http11.Http11NioProtocol - Initializing ProtocolHandler ["http-nio-8080"]
2025-04-16 17:08:40.172 [restartedMain] INFO  org.apache.catalina.core.StandardService - Starting service [Tomcat]
2025-04-16 17:08:40.172 [restartedMain] INFO  org.apache.catalina.core.StandardEngine - Starting Servlet engine: [Apache Tomcat/9.0.41]
2025-04-16 17:08:40.191 [restartedMain] INFO  o.a.c.core.ContainerBase.[Tomcat].[localhost].[/] - Initializing Spring embedded WebApplicationContext
2025-04-16 17:08:40.191 [restartedMain] INFO  o.s.b.w.s.c.ServletWebServerApplicationContext - Root WebApplicationContext: initialization completed in 428 ms
2025-04-16 17:08:40.239 [restartedMain] INFO  o.s.scheduling.concurrent.ThreadPoolTaskExecutor - Initializing ExecutorService 'applicationTaskExecutor'
2025-04-16 17:08:40.278 [restartedMain] INFO  c.a.d.s.b.a.DruidDataSourceAutoConfigure - Init DruidDataSource
2025-04-16 17:08:40.391 [restartedMain] INFO  com.alibaba.druid.pool.DruidDataSource - {dataSource-2} inited
2025-04-16 17:08:40.458 [restartedMain] INFO  com.alibaba.druid.pool.DruidDataSource - {dataSource-2} closing ...
2025-04-16 17:08:40.461 [restartedMain] INFO  com.alibaba.druid.pool.DruidDataSource - {dataSource-2} closed
2025-04-16 17:08:40.462 [restartedMain] INFO  o.s.scheduling.concurrent.ThreadPoolTaskExecutor - Shutting down ExecutorService 'applicationTaskExecutor'
2025-04-16 17:08:40.462 [restartedMain] INFO  org.apache.catalina.core.StandardService - Stopping service [Tomcat]
2025-04-16 17:08:40.468 [restartedMain] INFO  o.s.b.a.l.ConditionEvaluationReportLoggingListener - 

Error starting ApplicationContext. To display the conditions report re-run your application with 'debug' enabled.
2025-04-16 17:08:44.017 [restartedMain] INFO  com.project.travel.TravelApplication - Starting TravelApplication using Java 17.0.9 on LAPTOP-5QM2TNV9 with PID 9460 (C:\Users\86152\OneDrive\桌面\BS\旅游推荐系统\travel\travel\travel-server\target\classes started by 86152 in C:\Users\86152\OneDrive\桌面\BS\旅游推荐系统\travel\travel\travel-server)
2025-04-16 17:08:44.017 [restartedMain] INFO  com.project.travel.TravelApplication - The following profiles are active: dev
2025-04-16 17:08:44.341 [restartedMain] INFO  o.s.d.r.config.RepositoryConfigurationDelegate - Multiple Spring Data modules found, entering strict repository configuration mode!
2025-04-16 17:08:44.342 [restartedMain] INFO  o.s.d.r.config.RepositoryConfigurationDelegate - Bootstrapping Spring Data Redis repositories in DEFAULT mode.
2025-04-16 17:08:44.376 [restartedMain] INFO  o.s.d.r.config.RepositoryConfigurationDelegate - Finished Spring Data repository scanning in 37 ms. Found 0 Redis repository interfaces.
2025-04-16 17:08:44.498 [restartedMain] INFO  o.s.boot.web.embedded.tomcat.TomcatWebServer - Tomcat initialized with port(s): 8080 (http)
2025-04-16 17:08:44.498 [restartedMain] INFO  org.apache.coyote.http11.Http11NioProtocol - Initializing ProtocolHandler ["http-nio-8080"]
2025-04-16 17:08:44.498 [restartedMain] INFO  org.apache.catalina.core.StandardService - Starting service [Tomcat]
2025-04-16 17:08:44.498 [restartedMain] INFO  org.apache.catalina.core.StandardEngine - Starting Servlet engine: [Apache Tomcat/9.0.41]
2025-04-16 17:08:44.518 [restartedMain] INFO  o.a.c.c.ContainerBase.[Tomcat-1].[localhost].[/] - Initializing Spring embedded WebApplicationContext
2025-04-16 17:08:44.518 [restartedMain] INFO  o.s.b.w.s.c.ServletWebServerApplicationContext - Root WebApplicationContext: initialization completed in 497 ms
2025-04-16 17:08:44.566 [restartedMain] INFO  c.a.d.s.b.a.DruidDataSourceAutoConfigure - Init DruidDataSource
2025-04-16 17:08:44.755 [restartedMain] INFO  com.alibaba.druid.pool.DruidDataSource - {dataSource-3} inited
2025-04-16 17:08:45.428 [restartedMain] INFO  o.s.scheduling.concurrent.ThreadPoolTaskExecutor - Initializing ExecutorService 'applicationTaskExecutor'
2025-04-16 17:08:45.515 [restartedMain] INFO  o.s.b.d.autoconfigure.OptionalLiveReloadServer - LiveReload server is running on port 35729
2025-04-16 17:08:45.572 [restartedMain] INFO  org.apache.coyote.http11.Http11NioProtocol - Starting ProtocolHandler ["http-nio-8080"]
2025-04-16 17:08:45.596 [restartedMain] INFO  o.s.boot.web.embedded.tomcat.TomcatWebServer - Tomcat started on port(s): 8080 (http) with context path ''
2025-04-16 17:08:45.602 [restartedMain] INFO  com.project.travel.TravelApplication - Started TravelApplication in 1.632 seconds (JVM running for 21.958)
2025-04-16 17:08:45.602 [restartedMain] INFO  o.s.b.d.a.ConditionEvaluationDeltaLoggingListener - Condition evaluation unchanged
2025-04-16 17:08:48.246 [http-nio-8080-exec-3] INFO  o.a.c.c.ContainerBase.[Tomcat-1].[localhost].[/] - Initializing Spring DispatcherServlet 'dispatcherServlet'
2025-04-16 17:08:48.248 [http-nio-8080-exec-3] INFO  org.springframework.web.servlet.DispatcherServlet - Initializing Servlet 'dispatcherServlet'
2025-04-16 17:08:48.248 [http-nio-8080-exec-3] INFO  org.springframework.web.servlet.DispatcherServlet - Completed initialization in 0 ms
2025-04-16 17:09:06.102 [SpringContextShutdownHook] INFO  o.s.scheduling.concurrent.ThreadPoolTaskExecutor - Shutting down ExecutorService 'applicationTaskExecutor'
2025-04-16 17:09:06.104 [SpringContextShutdownHook] INFO  com.alibaba.druid.pool.DruidDataSource - {dataSource-3} closing ...
2025-04-16 17:09:06.107 [SpringContextShutdownHook] INFO  com.alibaba.druid.pool.DruidDataSource - {dataSource-3} closed
